// Jest Snapshot v1, https://goo.gl/fbAQLP

exports[`MainAppBar matches expected snapshot 1`] = `undefined`;
